// Jest Snapshot v1, https://goo.gl/fbAQLP

exports[`Deveria renderizar o DashBoardPage corretamente 1`] = `
<div>
  Pagina do dashboard
</div>
`;
