// Jest Snapshot v1, https://goo.gl/fbAQLP

exports[`Deveria renderizar o Login corretamente 1`] = `
<div
  className="box-layout"
>
  <div
    className="box-layout__box"
  >
    <h1
      className="box-layout__title"
    >
      BoilerPlate
    </h1>
    <p>
      Tag line for app!
    </p>
    <button
      className="button"
    >
      Login com o Google
    </button>
  </div>
</div>
`;
