// Jest Snapshot v1, https://goo.gl/fbAQLP

exports[`Deveria renderizar o NotFoundPage corretamente 1`] = `
<div>
  404! - 
  <Link
    to="/"
  >
    Voltar para Home
  </Link>
</div>
`;
